// Jest Snapshot v1, https://goo.gl/fbAQLP

exports[`allFAQCategories should return ancestors for FAQ category 1`] = `
Object {
  "data": Object {
    "FAQCategory": Object {
      "FAQs": Array [
        Object {
          "id": "RkFRQXJ0aWNsZTo5NQ==",
          "title": "What languages do you support?",
        },
        Object {
          "id": "RkFRQXJ0aWNsZTo5Mw==",
          "title": "What's the difference between low-cost and legacy airline carriers?",
        },
        Object {
          "id": "RkFRQXJ0aWNsZTo5NA==",
          "title": "How do I find the best flights for my budget?",
        },
        Object {
          "id": "RkFRQXJ0aWNsZToxMTE=",
          "title": "How do I use the mobile app?",
        },
      ],
      "ancestors": Array [
        Object {
          "id": "RkFRQ2F0ZWdvcnk6NDY=",
          "subcategories": Array [
            Object {
              "id": "RkFRQ2F0ZWdvcnk6NDM=",
              "title": "Searching for flights",
            },
            Object {
              "id": "RkFRQ2F0ZWdvcnk6MzA=",
              "title": "E-ticket",
            },
            Object {
              "id": "RkFRQ2F0ZWdvcnk6Mjc=",
              "title": "Booking a Flight",
            },
            Object {
              "id": "RkFRQ2F0ZWdvcnk6MzM=",
              "title": "Baggage",
            },
            Object {
              "id": "RkFRQ2F0ZWdvcnk6Mjg=",
              "title": "Payment Issues",
            },
          ],
          "title": "Booking",
        },
      ],
      "id": "RkFRQ2F0ZWdvcnk6NDM=",
      "title": "Searching for flights",
    },
  },
}
`;

exports[`allFAQCategories should return error for non-existing category 1`] = `
Object {
  "data": Object {
    "FAQCategory": null,
  },
  "errors": Array [
    [GraphQLError: No FAQ category found with ID RkFRQ2F0ZWdvcnk6NjY2],
  ],
}
`;

exports[`allFAQCategories should return single FAQ category 1`] = `
Object {
  "data": Object {
    "FAQCategory": Object {
      "FAQs": Array [
        Object {
          "id": "RkFRQXJ0aWNsZToxMzI=",
          "title": "How do I Refer a Friend?",
        },
        Object {
          "id": "RkFRQXJ0aWNsZTozOQ==",
          "title": "How do I know which terminals I will be using?",
        },
      ],
      "id": "RkFRQ2F0ZWdvcnk6NDc=",
      "subcategories": Array [
        Object {
          "id": "RkFRQ2F0ZWdvcnk6Mzc=",
        },
        Object {
          "id": "RkFRQ2F0ZWdvcnk6NDA=",
        },
        Object {
          "id": "RkFRQ2F0ZWdvcnk6MzU=",
        },
        Object {
          "id": "RkFRQ2F0ZWdvcnk6MzY=",
        },
        Object {
          "id": "RkFRQ2F0ZWdvcnk6MjY=",
        },
        Object {
          "id": "RkFRQ2F0ZWdvcnk6MzE=",
        },
        Object {
          "id": "RkFRQ2F0ZWdvcnk6NDI=",
        },
      ],
      "title": "Before the flight",
    },
  },
}
`;
